# width=60 height=20
# cursor=6,19
|┌──────────────────────────────────────────────────────┐    |
|│                                                      │    |
|│                                                      │    |
|│                   ****                       ****    │    |
|│                 **    **                   **    **  │    |
|│          ...   *        *..            ...*        * │    |
|│         .   ..*        . * ..         .  *..        *│    |
|│*      ..    **.      ..   *  .      .. **   .      ..│    |
|│ *.   .     *   ..   .      *  ..   .  *      ..   .  │    |
|│  *...     *      ...        *   ...  *         ...   │    |
|│   **    **                   **    **                │    |
|│     ****                       ****                  │    |
|│                                                      │    |
|│                                                      │    |
|└──────────────────────────────────────────────────────┘    |
| Commands: pause  -> pause animation                        |
|           resume -> resume animation                       |
|           faster | slower | exit                           |
| []>                                                        |
|                                                            |
