# width=80 height=22
|                                                                                |
| User Profile Form                                                              |
|                                                                                |
|                                                                                |
|                                                                                |
| Name:     alice                                                                |
|                                                                                |
| Email:                                                                         |
|                                                                                |
| Bio:      (optional bio)                                                       |
|                                                                                |
|                                                                                |
|                                                                                |
| [ Submit ]  [ Reset ]                                                          |
|                                                                                |
|                                                                                |
|                                                                                |
| (no submission yet)                                                            |
|                                                                                |
|                                                                                |
|                                                                                |
| form   Tab/⇧Tab/↑↓: nav  Enter: submit  Ctrl+T: theme  Ctrl+C: quit theme=dark |
