# width=80 height=22
|                                                                                |
| User Profile Form                                                              |
|                                                                                |
|                                                                                |
|                                                                                |
| Name:     alice                                                                |
|                                                                                |
| Email:    a@b.c                                                                |
|                                                                                |
| Bio:      engineer                                                             |
|                                                                                |
|                                                                                |
|                                                                                |
| [ Submit ]  [ Reset ]                                                          |
|                                                                                |
|                                                                                |
|                                                                                |
| Last submitted: name=alice, email=a@b.c                                        |
|                                                                                |
|                                                                                |
|                                                                                |
| Tab: next   Enter: next/activate   t: theme   q: quit                          |
