# width=60 height=18
# cursor=6,16
|┌──────────────────────────────────────────────────────┐    |
|│Tabs Demo                                             │    |
|│[1:Home]  2:Work   3:Notes                            │    |
|│Active: Home | counter=0                              │    |
|│Notes (per-tab persistent):---------------------------│    |
|│(none)                                                │    |
|│                                                      │    |
|│                                                      │    |
|│                                                      │    |
|│                                                      │    |
|│------------------------------------------------------│    |
|│Commands: next | prev | tab 1|2|3 | inc | dec         │    |
|│          note <text> | clear | exit                  │    |
|│Tab demo ready. Use next/prev/tab 1..3.               │    |
|└──────────────────────────────────────────────────────┘    |
| []>                                                        |
|                                                            |
|                                                            |
