# width=50 height=14
# cursor=6,12
| Messages                                         |
|                                                  |
|                                                  |
| Type a message and press Enter                   |
|                                                  |
|                                                  |
| ──────────────────────────────                   |
| Commands:                                        |
|   clear | /clear -> clear chat                   |
|   exit           -> quit                         |
|                                                  |
| []>                                              |
|                                                  |
|                                                  |
