# width=50 height=14
# cursor=6,12
| Messages                                         |
|                                                  |
| first                                            |
| second                                           |
| third                                            |
|                                                  |
| ──────────────────────────────                   |
| Commands:                                        |
|   clear | /clear -> clear chat                   |
|   exit           -> quit                         |
|                                                  |
| []>                                              |
|                                                  |
|                                                  |
